// Jest Snapshot v1, https://goo.gl/fbAQLP

exports[`css preset 1`] = `"mb-16"`;
